// Jest Snapshot v1, https://goo.gl/fbAQLP

exports[`<Heatmap /> - utils generateHorizontalBlocks() should calculate blocks and apply colors 1`] = `
Array [
  Object {
    "color": "rgb(255, 0, 0)",
    "height": 123.33333333333333,
    "key": "0.sale.block",
    "selector": Array [
      0,
      "sale",
    ],
    "value": -3,
    "width": 160,
    "x": 10,
    "y": 256.66666666666663,
  },
  Object {
    "color": "rgb(153, 153, 255)",
    "height": 123.33333333333333,
    "key": "1.sale.block",
    "selector": Array [
      1,
      "sale",
    ],
    "value": 12,
    "width": 160,
    "x": 170,
    "y": 256.66666666666663,
  },
  Object {
    "color": "rgb(255, 0, 0)",
    "height": 123.33333333333333,
    "key": "2.sale.block",
    "selector": Array [
      2,
      "sale",
    ],
    "value": -3,
    "width": 160,
    "x": 330,
    "y": 256.66666666666663,
  },
  Object {
    "color": "rgb(162, 162, 255)",
    "height": 123.33333333333333,
    "key": "0.buy.block",
    "selector": Array [
      0,
      "buy",
    ],
    "value": 11,
    "width": 160,
    "x": 10,
    "y": 133.33333333333331,
  },
  Object {
    "color": "rgb(230, 230, 255)",
    "height": 123.33333333333333,
    "key": "1.buy.block",
    "selector": Array [
      1,
      "buy",
    ],
    "value": 3,
    "width": 160,
    "x": 170,
    "y": 133.33333333333331,
  },
  Object {
    "color": "rgb(162, 162, 255)",
    "height": 123.33333333333333,
    "key": "2.buy.block",
    "selector": Array [
      2,
      "buy",
    ],
    "value": 11,
    "width": 160,
    "x": 330,
    "y": 133.33333333333331,
  },
  Object {
    "color": "rgb(0, 0, 255)",
    "height": 123.33333333333333,
    "key": "0.revenue.block",
    "selector": Array [
      0,
      "revenue",
    ],
    "value": 30,
    "width": 160,
    "x": 10,
    "y": 10,
  },
  Object {
    "color": "rgb(77, 77, 255)",
    "height": 123.33333333333333,
    "key": "1.revenue.block",
    "selector": Array [
      1,
      "revenue",
    ],
    "value": 21,
    "width": 160,
    "x": 170,
    "y": 10,
  },
  Object {
    "color": "rgb(0, 0, 255)",
    "height": 123.33333333333333,
    "key": "2.revenue.block",
    "selector": Array [
      2,
      "revenue",
    ],
    "value": 30,
    "width": 160,
    "x": 330,
    "y": 10,
  },
]
`;

exports[`<Heatmap /> - utils generateVerticalBlocks() should calculate blocks and apply colors 1`] = `
Array [
  Object {
    "color": "rgb(255, 0, 0)",
    "height": 123.33333333333333,
    "key": "0.sale.block",
    "selector": Array [
      0,
      "sale",
    ],
    "value": -3,
    "width": 160,
    "x": 10,
    "y": 256.66666666666663,
  },
  Object {
    "color": "rgb(153, 153, 255)",
    "height": 123.33333333333333,
    "key": "1.sale.block",
    "selector": Array [
      1,
      "sale",
    ],
    "value": 12,
    "width": 160,
    "x": 10,
    "y": 133.33333333333331,
  },
  Object {
    "color": "rgb(255, 0, 0)",
    "height": 123.33333333333333,
    "key": "2.sale.block",
    "selector": Array [
      2,
      "sale",
    ],
    "value": -3,
    "width": 160,
    "x": 10,
    "y": 10,
  },
  Object {
    "color": "rgb(162, 162, 255)",
    "height": 123.33333333333333,
    "key": "0.buy.block",
    "selector": Array [
      0,
      "buy",
    ],
    "value": 11,
    "width": 160,
    "x": 170,
    "y": 256.66666666666663,
  },
  Object {
    "color": "rgb(230, 230, 255)",
    "height": 123.33333333333333,
    "key": "1.buy.block",
    "selector": Array [
      1,
      "buy",
    ],
    "value": 3,
    "width": 160,
    "x": 170,
    "y": 133.33333333333331,
  },
  Object {
    "color": "rgb(162, 162, 255)",
    "height": 123.33333333333333,
    "key": "2.buy.block",
    "selector": Array [
      2,
      "buy",
    ],
    "value": 11,
    "width": 160,
    "x": 170,
    "y": 10,
  },
  Object {
    "color": "rgb(0, 0, 255)",
    "height": 123.33333333333333,
    "key": "0.revenue.block",
    "selector": Array [
      0,
      "revenue",
    ],
    "value": 30,
    "width": 160,
    "x": 330,
    "y": 256.66666666666663,
  },
  Object {
    "color": "rgb(77, 77, 255)",
    "height": 123.33333333333333,
    "key": "1.revenue.block",
    "selector": Array [
      1,
      "revenue",
    ],
    "value": 21,
    "width": 160,
    "x": 330,
    "y": 133.33333333333331,
  },
  Object {
    "color": "rgb(0, 0, 255)",
    "height": 123.33333333333333,
    "key": "2.revenue.block",
    "selector": Array [
      2,
      "revenue",
    ],
    "value": 30,
    "width": 160,
    "x": 330,
    "y": 10,
  },
]
`;
