// Jest Snapshot v1, https://goo.gl/fbAQLP

exports[`<Control /> should render Control component 1`] = `
<Fragment>
  <ForwardRef(MotionComponent)
    drag="x"
    dragConstraints={
      Object {
        "bottom": 100,
        "left": 0,
        "right": 100,
        "top": 0,
      }
    }
    dragElastic={0}
    dragMomentum={false}
    onDrag={[Function]}
    onDragEnd={[Function]}
    onMouseEnter={[Function]}
    onMouseLeave={[Function]}
    style={
      Object {
        "background": "#fff",
        "border": "2px solid #CA8917",
        "borderRadius": "50%",
        "boxSizing": "border-box",
        "height": 16,
        "left": -7,
        "position": "absolute",
        "top": NaN,
        "width": 16,
        "x": MotionValue {
          "canTrackVelocity": true,
          "current": 0,
          "lastUpdated": 0,
          "notifySubscriber": [Function],
          "parent": undefined,
          "prev": undefined,
          "scheduleVelocityCheck": [Function],
          "setChild": [Function],
          "timeDelta": 0,
          "transformer": undefined,
          "updateAndNotify": [Function],
          "velocityCheck": [Function],
        },
        "zIndex": undefined,
      }
    }
  />
</Fragment>
`;
