// Jest Snapshot v1, https://goo.gl/fbAQLP

exports[`should render AxisTitle 1`] = `
<div>
  <svg>
    <text
      data-elementid="horizontal-axis-title"
      fill="#27566D"
      font-family="Lato, sans-serif"
      font-size="14"
      font-style="normal"
      font-weight="bold"
      text-anchor="middle"
      x="50"
      y="40"
    >
      Axis Title
    </text>
  </svg>
</div>
`;
