// Jest Snapshot v1, https://goo.gl/fbAQLP

exports[`applies typography settings to table header 1`] = `
.c2 {
  display: -webkit-box;
  display: -webkit-flex;
  display: -ms-flexbox;
  display: flex;
  text-align: left;
  background: inherit;
  background: #44748C;
  -webkit-box-pack: end;
  -webkit-justify-content: flex-end;
  -ms-flex-pack: end;
  justify-content: flex-end;
}

.c3 {
  display: -webkit-box;
  display: -webkit-flex;
  display: -ms-flexbox;
  display: flex;
  -webkit-align-items: center;
  -webkit-box-align: center;
  -ms-flex-align: center;
  align-items: center;
  gap: 5px;
  box-sizing: border-box;
  min-height: 20px;
  padding: 20px;
  -webkit-flex-direction: row-reverse;
  -ms-flex-direction: row-reverse;
  flex-direction: row-reverse;
}

.c4 {
  display: -webkit-box;
  display: -webkit-flex;
  display: -ms-flexbox;
  display: flex;
  -webkit-flex-wrap: no-wrap;
  -ms-flex-wrap: no-wrap;
  flex-wrap: no-wrap;
  position: relative;
}

.c5 {
  position: relative;
  top: 5px;
  left: -1px;
}

.c0 {
  font-size: 20px;
  font-weight: normal;
}

.c1 {
  padding: 0;
  position: -webkit-sticky;
  position: sticky;
  top: 0;
  z-index: 1;
  background: #44748C;
}

<tr
  class="c0"
  data-testid="header-row-container"
>
  <td
    class="c1"
  >
    <div
      class="c2"
    >
      <div
        class="c3"
      >
        id
        <div
          style="visibility: hidden;"
        >
          <div
            class="c4"
            data-testid="sort-indicators"
          >
            <div
              style="opacity: 0;"
            >
              <svg
                height="15"
                opacity="1"
                viewBox="0 0 24 30"
                width="10"
              >
                <polygon
                  fill="#FFFFFF"
                  fill-rule="evenodd"
                  points="10.768 0 10.768 23.16 3.245 15.637 .776 18.106 12.414 29.744 24.052 18.106 21.583 15.637 14.06 23.16 14.06 0"
                  transform="matrix(1 0 0 -1 0 29.744)"
                />
              </svg>
            </div>
            <div
              class="c5"
              style="opacity: 0;"
            >
              <svg
                height="15"
                opacity="1"
                viewBox="0 0 24 30"
                width="10"
              >
                <polygon
                  fill="#FFFFFF"
                  fill-rule="evenodd"
                  points="10.768 0 10.768 23.16 3.245 15.637 .776 18.106 12.414 29.744 24.052 18.106 21.583 15.637 14.06 23.16 14.06 0"
                  transform="translate(0 .256)"
                />
              </svg>
            </div>
          </div>
        </div>
      </div>
    </div>
  </td>
  <td
    class="c1"
  >
    <div
      class="c2"
    >
      <div
        class="c3"
      >
        title
        <div
          style="visibility: hidden;"
        >
          <div
            class="c4"
            data-testid="sort-indicators"
          >
            <div
              style="opacity: 0;"
            >
              <svg
                height="15"
                opacity="1"
                viewBox="0 0 24 30"
                width="10"
              >
                <polygon
                  fill="#FFFFFF"
                  fill-rule="evenodd"
                  points="10.768 0 10.768 23.16 3.245 15.637 .776 18.106 12.414 29.744 24.052 18.106 21.583 15.637 14.06 23.16 14.06 0"
                  transform="matrix(1 0 0 -1 0 29.744)"
                />
              </svg>
            </div>
            <div
              class="c5"
              style="opacity: 0;"
            >
              <svg
                height="15"
                opacity="1"
                viewBox="0 0 24 30"
                width="10"
              >
                <polygon
                  fill="#FFFFFF"
                  fill-rule="evenodd"
                  points="10.768 0 10.768 23.16 3.245 15.637 .776 18.106 12.414 29.744 24.052 18.106 21.583 15.637 14.06 23.16 14.06 0"
                  transform="translate(0 .256)"
                />
              </svg>
            </div>
          </div>
        </div>
      </div>
    </div>
  </td>
</tr>
`;
