// Jest Snapshot v1, https://goo.gl/fbAQLP

exports[`@keen.io/charts <BubbleChart /> - utils generateBubbles() should sort "bubbles" in descending order 1`] = `
Array [
  Object {
    "color": "green",
    "key": "Google-2",
    "radius": 20,
    "selector": Array [
      2,
    ],
    "x": 31.25,
    "y": 76,
  },
  Object {
    "color": "blue",
    "key": "Facebook-0",
    "radius": 17.82857142857143,
    "selector": Array [
      0,
    ],
    "x": 88,
    "y": 0,
  },
  Object {
    "color": "yellow",
    "key": "Linkedin-1",
    "radius": 12.4,
    "selector": Array [
      1,
    ],
    "x": 20.5,
    "y": 80,
  },
  Object {
    "color": "orange",
    "key": "Youtube-3",
    "radius": 9.142857142857142,
    "selector": Array [
      3,
    ],
    "x": 80,
    "y": 36,
  },
]
`;
